// Jest Snapshot v1, https://goo.gl/fbAQLP

exports[`Check ErrorComponent Component should renders without crashing 1`] = `
<div
  className="css-bh2ae5"
>
  <h3>
    Page not found!!!
  </h3>
</div>
`;
